c:\users\poe\documents\github\chain\chain\x64\debug\vc145.pdb
c:\users\poe\documents\github\chain\chain\x64\debug\vc145.idb
c:\users\poe\documents\github\chain\chain\x64\debug\transaction.obj
c:\users\poe\documents\github\chain\chain\x64\debug\sha256.obj
c:\users\poe\documents\github\chain\chain\x64\debug\reference.obj
c:\users\poe\documents\github\chain\chain\x64\debug\main.obj
c:\users\poe\documents\github\chain\chain\x64\debug\index.obj
c:\users\poe\documents\github\chain\chain\x64\debug\document.obj
c:\users\poe\documents\github\chain\chain\x64\debug\commit.obj
c:\users\poe\documents\github\chain\chain\x64\debug\audit.obj
c:\users\poe\documents\github\chain\x64\debug\chain.pdb
c:\users\poe\documents\github\chain\chain\x64\debug\chain.tlog\cl.command.1.tlog
c:\users\poe\documents\github\chain\chain\x64\debug\chain.tlog\cl.read.1.tlog
c:\users\poe\documents\github\chain\chain\x64\debug\chain.tlog\cl.write.1.tlog
c:\users\poe\documents\github\chain\chain\x64\debug\chain.tlog\link-cvtres.read.1.tlog
c:\users\poe\documents\github\chain\chain\x64\debug\chain.tlog\link-cvtres.write.1.tlog
c:\users\poe\documents\github\chain\chain\x64\debug\chain.tlog\link-mt.read.1.tlog
c:\users\poe\documents\github\chain\chain\x64\debug\chain.tlog\link-mt.write.1.tlog
c:\users\poe\documents\github\chain\chain\x64\debug\chain.tlog\link-rc.read.1.tlog
c:\users\poe\documents\github\chain\chain\x64\debug\chain.tlog\link-rc.write.1.tlog
c:\users\poe\documents\github\chain\chain\x64\debug\chain.tlog\link.command.1.tlog
c:\users\poe\documents\github\chain\chain\x64\debug\chain.tlog\link.read.1.tlog
c:\users\poe\documents\github\chain\chain\x64\debug\chain.tlog\link.read.2.tlog
c:\users\poe\documents\github\chain\chain\x64\debug\chain.tlog\link.write.1.tlog
